     1                                  ; Adrian Faircloth
     2                                  ; Program 1: Data Storage
     3                                  ; 09/11/2020
     4                                  
     5                                  
     6                                  SECTION .data
     7                                  
     8                                  
     9 00000000 0B                      a1:      db      11
    10 00000001 0300                    b1:      dw      11b
    11 00000003 11000000                c1:      dd      11h
    12 00000007 0900000000000000        d1:      dq      11q
    13 0000000F FBFF                    e1:      dw      -5
    14 00000011 435343333232            f1:      db      'CSC322'
    15                                  
    16 00000017 0504030201              a2:	 db	 5, 4, 3, 2, 1
    17 0000001C 010002000300040005-     b2:	 dw	 1, 2, 3, 4, 5
    18 00000025 00                 
    19 00000026 0A0000000B0000000C-     c2:	 dd	 10, 11, 12, 13
    20 0000002F 0000000D000000     
    21 00000036 100000000000000011-     d2:	 dq	 10h, 11h, 12h, 13h
    22 0000003F 000000000000001200-
    23 00000048 000000000000130000-
    24 00000051 0000000000         
    25                                  
    26 00000056 FB                      a3:	 db	 -5
    27 00000057 F6FF                    b3:	 dw	 -10
    28 00000059 F1                      c3:	 db	 -15
    29 0000005A ECFF                    d3:	 dw	 -20
    30 0000005C E7                      e3:	 db	 -25
    31                                  
    32 0000005D 4D6572636572            a4:	 db	 'Mercer'
    33 00000063 0A                      b4:	 db	 10
    34 00000064 00                      c4:	 db	 0
    35 00000065 476F20                  d4:	 db	 'Go '
    36 00000068 426561727321            e4:	 db	 'Bears!'
    37                                  
    38 0000006E 6400                    a5:	 dw	 100
    39 00000070 00010000                b5:	 dd	 100h
    40 00000074 04                      c5:	 db	 100b
    41 00000075 4000                    d5:	 dw	 100q
    42 00000077 64000000                e5:	 dd	 100d
    43                                  
    44                                  SECTION .bss
    45                                  ; define uninitialized data here
    46                                  
    47                                  SECTION .text
    48                                  global _main
    49                                  _main:
    50                                  
    51                                  ; put your code here.
    52                                  
    53                                  
    54                                  
    55                                  ; Normal termination code
    56 00000000 B801000000              mov eax, 1
    57 00000005 BB00000000              mov ebx, 0
    58 0000000A CD80                    int 80h
    59                                  
